SQLite WAL mode enabled
Creando conector de tipo: oddsapi
Consultando Odds API: https://api.the-odds-api.com/v4/sports/soccer_argentina_primera_division/odds (intento 1)
Consultando Odds API: https://api.the-odds-api.com/v4/sports/soccer_austria_bundesliga/odds (intento 1)
Consultando Odds API: https://api.the-odds-api.com/v4/sports/soccer_belgium_first_div/odds (intento 1)
Consultando Odds API: https://api.the-odds-api.com/v4/sports/soccer_brazil_campeonato/odds (intento 1)
Consultando Odds API: https://api.the-odds-api.com/v4/sports/soccer_brazil_serie_b/odds (intento 1)
Consultando Odds API: https://api.the-odds-api.com/v4/sports/soccer_chile_campeonato/odds (intento 1)
Consultando Odds API: https://api.the-odds-api.com/v4/sports/soccer_china_superleague/odds (intento 1)
Consultando Odds API: https://api.the-odds-api.com/v4/sports/soccer_concacaf_leagues_cup/odds (intento 1)
Consultando Odds API: https://api.the-odds-api.com/v4/sports/soccer_conmebol_copa_libertadores/odds (intento 1)
Consultando Odds API: https://api.the-odds-api.com/v4/sports/soccer_conmebol_copa_sudamericana/odds (intento 1)
Consultando Odds API: https://api.the-odds-api.com/v4/sports/soccer_denmark_superliga/odds (intento 1)
Consultando Odds API: https://api.the-odds-api.com/v4/sports/soccer_efl_champ/odds (intento 1)
Consultando Odds API: https://api.the-odds-api.com/v4/sports/soccer_england_league1/odds (intento 1)
Consultando Odds API: https://api.the-odds-api.com/v4/sports/soccer_england_league2/odds (intento 1)
Consultando Odds API: https://api.the-odds-api.com/v4/sports/soccer_epl/odds (intento 1)
Consultando Odds API: https://api.the-odds-api.com/v4/sports/soccer_finland_veikkausliiga/odds (intento 1)
Consultando Odds API: https://api.the-odds-api.com/v4/sports/soccer_france_ligue_one/odds (intento 1)
Consultando Odds API: https://api.the-odds-api.com/v4/sports/soccer_france_ligue_two/odds (intento 1)
Consultando Odds API: https://api.the-odds-api.com/v4/sports/soccer_germany_bundesliga/odds (intento 1)
Consultando Odds API: https://api.the-odds-api.com/v4/sports/soccer_germany_bundesliga2/odds (intento 1)
Consultando Odds API: https://api.the-odds-api.com/v4/sports/soccer_germany_dfb_pokal/odds (intento 1)
Consultando Odds API: https://api.the-odds-api.com/v4/sports/soccer_germany_liga3/odds (intento 1)
Consultando Odds API: https://api.the-odds-api.com/v4/sports/soccer_greece_super_league/odds (intento 1)
Consultando Odds API: https://api.the-odds-api.com/v4/sports/soccer_italy_serie_a/odds (intento 1)
Consultando Odds API: https://api.the-odds-api.com/v4/sports/soccer_italy_serie_b/odds (intento 1)
Consultando Odds API: https://api.the-odds-api.com/v4/sports/soccer_japan_j_league/odds (intento 1)
Consultando Odds API: https://api.the-odds-api.com/v4/sports/soccer_korea_kleague1/odds (intento 1)
Consultando Odds API: https://api.the-odds-api.com/v4/sports/soccer_mexico_ligamx/odds (intento 1)
Consultando Odds API: https://api.the-odds-api.com/v4/sports/soccer_netherlands_eredivisie/odds (intento 1)
Consultando Odds API: https://api.the-odds-api.com/v4/sports/soccer_norway_eliteserien/odds (intento 1)
Consultando Odds API: https://api.the-odds-api.com/v4/sports/soccer_poland_ekstraklasa/odds (intento 1)
Consultando Odds API: https://api.the-odds-api.com/v4/sports/soccer_portugal_primeira_liga/odds (intento 1)
Consultando Odds API: https://api.the-odds-api.com/v4/sports/soccer_russia_premier_league/odds (intento 1)
Consultando Odds API: https://api.the-odds-api.com/v4/sports/soccer_spain_la_liga/odds (intento 1)
Consultando Odds API: https://api.the-odds-api.com/v4/sports/soccer_spain_segunda_division/odds (intento 1)
Consultando Odds API: https://api.the-odds-api.com/v4/sports/soccer_sweden_allsvenskan/odds (intento 1)
Consultando Odds API: https://api.the-odds-api.com/v4/sports/soccer_sweden_superettan/odds (intento 1)
Consultando Odds API: https://api.the-odds-api.com/v4/sports/soccer_turkey_super_league/odds (intento 1)
Consultando Odds API: https://api.the-odds-api.com/v4/sports/soccer_uefa_champs_league_qualification/odds (intento 1)
Consultando Odds API: https://api.the-odds-api.com/v4/sports/soccer_uefa_nations_league/odds (intento 1)
Consultando Odds API: https://api.the-odds-api.com/v4/sports/soccer_usa_mls/odds (intento 1)
Guardadas 6 oportunidades en BD (descartadas 0 duplicadas)

🎯 6 OPORTUNIDADES DE ARBITRAJE DETECTADAS

⚽ Botafogo vs Club Cienciano (soccer_conmebol_copa_sudamericana) – h2h
   🕒 2026-08-21 00:30
   Botafogo: Betfair @ 1.13 (Stake: 89.09€)
   Club Cienciano: Betfair @ 24.0 (Stake: 4.19€)
   Draw: 1xBet @ 15.0 (Stake: 6.71€)
   Inversión total: 99.99€ → Retorno: 100.68€ (+0.68%)

⚽ Fulham vs Chelsea (soccer_epl) – h2h
   🕒 2026-08-24 19:00
   Chelsea: 1xBet @ 2.12 (Stake: 47.37€)
   Fulham: Betfair @ 3.65 (Stake: 27.52€)
   Draw: Betfair @ 4.0 (Stake: 25.11€)
   Inversión total: 100.00€ → Retorno: 100.43€ (+0.43%)

⚽ Frosinone vs Juventus (soccer_italy_serie_a) – h2h
   🕒 2026-08-23 16:30
   Frosinone: Betfair @ 8.6 (Stake: 11.73€)
   Juventus: 1xBet @ 1.5 (Stake: 67.25€)
   Draw: Betfair @ 4.8 (Stake: 21.02€)
   Inversión total: 100.00€ → Retorno: 100.88€ (+0.88%)

⚽ Rayo Vallecano vs Alavés (soccer_spain_la_liga) – h2h
   🕒 2026-08-20 19:00
   Alavés: Betfair @ 3.9 (Stake: 25.81€)
   Rayo Vallecano: Betfair @ 2.34 (Stake: 43.02€)
   Draw: 1xBet @ 3.23 (Stake: 31.17€)
   Inversión total: 100.00€ → Retorno: 100.67€ (+0.67%)

⚽ Getafe vs Real Racing Club de Santander (soccer_spain_la_liga) – h2h
   🕒 2026-08-23 17:30
   Getafe: Betfair @ 2.18 (Stake: 46.38€)
   Real Racing Club de Santander: Betfair @ 4.7 (Stake: 21.51€)
   Draw: 1xBet @ 3.15 (Stake: 32.10€)
   Inversión total: 99.99€ → Retorno: 101.12€ (+1.12%)

⚽ Seattle Sounders FC vs Vancouver Whitecaps FC (soccer_usa_mls) – h2h
   🕒 2026-08-17 02:30
   Seattle Sounders FC: Betfair @ 3.9 (Stake: 25.75€)
   Vancouver Whitecaps FC: Betfair @ 1.98 (Stake: 50.73€)
   Draw: 1xBet @ 4.27 (Stake: 23.52€)
   Inversión total: 100.00€ → Retorno: 100.44€ (+0.44%)

Notificación de Telegram enviada correctamente.
