SQLite WAL mode enabled
Creando conector de tipo: oddsapi
Consultando Odds API: https://api.the-odds-api.com/v4/sports/soccer_argentina_primera_division/odds (intento 1)
Consultando Odds API: https://api.the-odds-api.com/v4/sports/soccer_austria_bundesliga/odds (intento 1)
Consultando Odds API: https://api.the-odds-api.com/v4/sports/soccer_belgium_first_div/odds (intento 1)
Consultando Odds API: https://api.the-odds-api.com/v4/sports/soccer_brazil_campeonato/odds (intento 1)
Consultando Odds API: https://api.the-odds-api.com/v4/sports/soccer_brazil_serie_b/odds (intento 1)
Consultando Odds API: https://api.the-odds-api.com/v4/sports/soccer_chile_campeonato/odds (intento 1)
Consultando Odds API: https://api.the-odds-api.com/v4/sports/soccer_china_superleague/odds (intento 1)
Consultando Odds API: https://api.the-odds-api.com/v4/sports/soccer_concacaf_leagues_cup/odds (intento 1)
Consultando Odds API: https://api.the-odds-api.com/v4/sports/soccer_conmebol_copa_libertadores/odds (intento 1)
Consultando Odds API: https://api.the-odds-api.com/v4/sports/soccer_conmebol_copa_sudamericana/odds (intento 1)
Consultando Odds API: https://api.the-odds-api.com/v4/sports/soccer_denmark_superliga/odds (intento 1)
Consultando Odds API: https://api.the-odds-api.com/v4/sports/soccer_efl_champ/odds (intento 1)
Consultando Odds API: https://api.the-odds-api.com/v4/sports/soccer_england_league1/odds (intento 1)
Consultando Odds API: https://api.the-odds-api.com/v4/sports/soccer_england_league2/odds (intento 1)
Consultando Odds API: https://api.the-odds-api.com/v4/sports/soccer_epl/odds (intento 1)
Consultando Odds API: https://api.the-odds-api.com/v4/sports/soccer_finland_veikkausliiga/odds (intento 1)
Consultando Odds API: https://api.the-odds-api.com/v4/sports/soccer_france_ligue_one/odds (intento 1)
Consultando Odds API: https://api.the-odds-api.com/v4/sports/soccer_france_ligue_two/odds (intento 1)
Consultando Odds API: https://api.the-odds-api.com/v4/sports/soccer_germany_bundesliga/odds (intento 1)
Consultando Odds API: https://api.the-odds-api.com/v4/sports/soccer_germany_bundesliga2/odds (intento 1)
Consultando Odds API: https://api.the-odds-api.com/v4/sports/soccer_germany_dfb_pokal/odds (intento 1)
Consultando Odds API: https://api.the-odds-api.com/v4/sports/soccer_germany_liga3/odds (intento 1)
Consultando Odds API: https://api.the-odds-api.com/v4/sports/soccer_greece_super_league/odds (intento 1)
Consultando Odds API: https://api.the-odds-api.com/v4/sports/soccer_italy_serie_a/odds (intento 1)
Consultando Odds API: https://api.the-odds-api.com/v4/sports/soccer_italy_serie_b/odds (intento 1)
Consultando Odds API: https://api.the-odds-api.com/v4/sports/soccer_japan_j_league/odds (intento 1)
Consultando Odds API: https://api.the-odds-api.com/v4/sports/soccer_korea_kleague1/odds (intento 1)
Consultando Odds API: https://api.the-odds-api.com/v4/sports/soccer_mexico_ligamx/odds (intento 1)
Consultando Odds API: https://api.the-odds-api.com/v4/sports/soccer_netherlands_eredivisie/odds (intento 1)
Consultando Odds API: https://api.the-odds-api.com/v4/sports/soccer_norway_eliteserien/odds (intento 1)
Consultando Odds API: https://api.the-odds-api.com/v4/sports/soccer_poland_ekstraklasa/odds (intento 1)
Consultando Odds API: https://api.the-odds-api.com/v4/sports/soccer_portugal_primeira_liga/odds (intento 1)
Consultando Odds API: https://api.the-odds-api.com/v4/sports/soccer_russia_premier_league/odds (intento 1)
Consultando Odds API: https://api.the-odds-api.com/v4/sports/soccer_spain_la_liga/odds (intento 1)
Consultando Odds API: https://api.the-odds-api.com/v4/sports/soccer_spain_segunda_division/odds (intento 1)
Consultando Odds API: https://api.the-odds-api.com/v4/sports/soccer_sweden_allsvenskan/odds (intento 1)
Consultando Odds API: https://api.the-odds-api.com/v4/sports/soccer_sweden_superettan/odds (intento 1)
Consultando Odds API: https://api.the-odds-api.com/v4/sports/soccer_turkey_super_league/odds (intento 1)
Consultando Odds API: https://api.the-odds-api.com/v4/sports/soccer_uefa_champs_league_qualification/odds (intento 1)
Consultando Odds API: https://api.the-odds-api.com/v4/sports/soccer_uefa_nations_league/odds (intento 1)
Consultando Odds API: https://api.the-odds-api.com/v4/sports/soccer_usa_mls/odds (intento 1)
Guardadas 13 oportunidades en BD (descartadas 0 duplicadas)

🎯 13 OPORTUNIDADES DE ARBITRAJE DETECTADAS

⚽ Sarmiento de Junin vs Atlético Huracán (soccer_argentina_primera_division) – h2h
   🕒 2026-08-16 18:00 🔴 EN VIVO ?'
   Atlético Huracán: 1xBet @ 2.78 (Stake: 36.44€)
   Sarmiento de Junin: Betfair @ 3.4 (Stake: 29.79€)
   Draw: Betfair @ 3.0 (Stake: 33.77€)
   Inversión total: 100.00€ → Retorno: 101.30€ (+1.30%)

⚽ KV Mechelen vs Standard Liege (soccer_belgium_first_div) – h2h
   🕒 2026-08-16 16:30 🔴 EN VIVO ?'
   KV Mechelen: Betfair @ 80.0 (Stake: 1.60€)
   Standard Liege: Pinnacle @ 1.39 (Stake: 91.86€)
   Draw: Betfair @ 19.5 (Stake: 6.55€)
   Inversión total: 100.01€ → Retorno: 127.68€ (+27.68%)

⚽ Mirassol vs Flamengo (soccer_brazil_campeonato) – h2h
   🕒 2026-08-16 21:30
   Flamengo: 1xBet @ 2.03 (Stake: 49.82€)
   Mirassol: Betfair @ 4.5 (Stake: 22.47€)
   Draw: Betfair @ 3.65 (Stake: 27.71€)
   Inversión total: 100.00€ → Retorno: 101.13€ (+1.13%)

⚽ Derby County vs Cardiff City (soccer_efl_champ) – h2h
   🕒 2026-08-22 14:00
   Cardiff City: 1xBet @ 4.22 (Stake: 23.84€)
   Derby County: Betfair @ 2.04 (Stake: 49.32€)
   Draw: Betfair @ 3.75 (Stake: 26.83€)
   Inversión total: 99.99€ → Retorno: 100.62€ (+0.62%)

⚽ Fulham vs Chelsea (soccer_epl) – h2h
   🕒 2026-08-24 19:00
   Chelsea: 1xBet @ 2.13 (Stake: 47.26€)
   Fulham: Betfair @ 3.65 (Stake: 27.58€)
   Draw: Betfair @ 4.0 (Stake: 25.16€)
   Inversión total: 100.00€ → Retorno: 100.66€ (+0.66%)

⚽ Toulouse vs Lyon (soccer_france_ligue_one) – h2h
   🕒 2026-08-22 18:45
   Lyon: Betfair @ 2.44 (Stake: 41.23€)
   Toulouse: 1xBet @ 3.15 (Stake: 31.94€)
   Draw: 1xBet @ 3.75 (Stake: 26.83€)
   Inversión total: 100.00€ → Retorno: 100.61€ (+0.61%)

⚽ Paris Saint Germain vs Rennes (soccer_france_ligue_one) – h2h
   🕒 2026-08-23 18:45
   Paris Saint Germain: 1xBet @ 1.44 (Stake: 69.77€)
   Rennes: Betfair @ 7.8 (Stake: 12.88€)
   Draw: 1xBet @ 5.79 (Stake: 17.35€)
   Inversión total: 100.00€ → Retorno: 100.47€ (+0.47%)

⚽ Frosinone vs Juventus (soccer_italy_serie_a) – h2h
   🕒 2026-08-23 16:30
   Frosinone: Betfair @ 8.6 (Stake: 11.73€)
   Juventus: 1xBet @ 1.5 (Stake: 67.25€)
   Draw: Betfair @ 4.8 (Stake: 21.02€)
   Inversión total: 100.00€ → Retorno: 100.88€ (+0.88%)

⚽ Espanyol vs Real Madrid (soccer_spain_la_liga) – h2h
   🕒 2026-08-22 19:30
   Espanyol: Betfair @ 7.0 (Stake: 14.40€)
   Real Madrid: 1xBet @ 1.6 (Stake: 63.00€)
   Draw: 1xBet @ 4.46 (Stake: 22.60€)
   Inversión total: 100.00€ → Retorno: 100.80€ (+0.80%)

⚽ Getafe vs Real Racing Club de Santander (soccer_spain_la_liga) – h2h
   🕒 2026-08-23 17:30
   Getafe: Betfair @ 2.18 (Stake: 46.33€)
   Real Racing Club de Santander: 1xBet @ 4.72 (Stake: 21.40€)
   Draw: 1xBet @ 3.13 (Stake: 32.27€)
   Inversión total: 100.00€ → Retorno: 101.00€ (+1.00%)

⚽ Burgos CF vs Córdoba (soccer_spain_segunda_division) – h2h
   🕒 2026-08-16 17:00 🔴 EN VIVO ?'
   Burgos CF: Betfair @ 3.2 (Stake: 42.95€)
   Córdoba: Pinnacle @ 7.78 (Stake: 17.67€)
   Draw: Pinnacle @ 3.49 (Stake: 39.38€)
   Inversión total: 100.00€ → Retorno: 137.44€ (+37.44%)

⚽ Austin FC vs FC Dallas (soccer_usa_mls) – h2h
   🕒 2026-08-17 00:30
   Austin FC: Betfair @ 3.05 (Stake: 33.01€)
   FC Dallas: Betfair @ 2.4 (Stake: 41.95€)
   Draw: 1xBet @ 4.02 (Stake: 25.04€)
   Inversión total: 100.00€ → Retorno: 100.68€ (+0.68%)

⚽ Seattle Sounders FC vs Vancouver Whitecaps FC (soccer_usa_mls) – h2h
   🕒 2026-08-17 02:30
   Seattle Sounders FC: Betfair @ 3.8 (Stake: 26.70€)
   Vancouver Whitecaps FC: Betfair @ 2.06 (Stake: 49.25€)
   Draw: 1xBet @ 4.22 (Stake: 24.04€)
   Inversión total: 99.99€ → Retorno: 101.46€ (+1.46%)

Notificación de Telegram enviada correctamente.
