{"timestamp": "2026-08-04T19:53:45.977887", "level": "INFO", "logger": "quantbet", "message": "\ud83d\ude80 Iniciando pipeline con fuente: csv, modo: all", "module": "main", "function": "run_pipeline", "line": 131, "thread": "MainThread", "process": 26720}
{"timestamp": "2026-08-04T19:53:45.994016", "level": "INFO", "logger": "src.connectors.factory", "message": "Creando conector de tipo: csv", "module": "factory", "function": "create", "line": 30, "thread": "MainThread", "process": 26720}
{"timestamp": "2026-08-04T19:53:45.994016", "level": "ERROR", "logger": "quantbet", "message": "\u274c Error inesperado: 'CSVProvider' object has no attribute 'fetch_events'", "module": "main", "function": "main", "line": 548, "thread": "MainThread", "process": 26720}
{"timestamp": "2026-08-04T20:06:46.501594", "level": "INFO", "logger": "quantbet", "message": "\ud83d\ude80 Iniciando pipeline con fuente: csv, modo: all", "module": "main", "function": "run_pipeline", "line": 131, "thread": "MainThread", "process": 6388}
{"timestamp": "2026-08-04T20:06:46.501594", "level": "INFO", "logger": "src.connectors.factory", "message": "Creando conector de tipo: csv", "module": "factory", "function": "create", "line": 30, "thread": "MainThread", "process": 6388}
{"timestamp": "2026-08-04T20:06:46.501594", "level": "ERROR", "logger": "quantbet", "message": "\u274c Error inesperado: Snapshot.__init__() got an unexpected keyword argument 'snapshot_id'", "module": "main", "function": "main", "line": 556, "thread": "MainThread", "process": 6388}
{"timestamp": "2026-08-04T20:15:32.020526", "level": "INFO", "logger": "quantbet", "message": "\ud83d\ude80 Iniciando pipeline con fuente: csv, modo: all", "module": "main", "function": "run_pipeline", "line": 131, "thread": "MainThread", "process": 18328}
{"timestamp": "2026-08-04T20:15:32.020526", "level": "INFO", "logger": "src.connectors.factory", "message": "Creando conector de tipo: csv", "module": "factory", "function": "create", "line": 30, "thread": "MainThread", "process": 18328}
{"timestamp": "2026-08-04T20:15:32.020526", "level": "INFO", "logger": "quantbet", "message": "\ud83d\udce5 Obtenidos 5 snapshots", "module": "main", "function": "run_pipeline", "line": 144, "thread": "MainThread", "process": 18328}
{"timestamp": "2026-08-04T20:15:32.020526", "level": "INFO", "logger": "quantbet", "message": "\ud83d\udd04 Ejecutando motor de arbitraje...", "module": "main", "function": "run_arbitrage", "line": 55, "thread": "MainThread", "process": 18328}
{"timestamp": "2026-08-04T20:15:32.020526", "level": "ERROR", "logger": "quantbet", "message": "\u274c Error inesperado: 'str' object has no attribute 'value'", "module": "main", "function": "main", "line": 556, "thread": "MainThread", "process": 18328}
{"timestamp": "2026-08-04T20:22:21.366889", "level": "INFO", "logger": "quantbet", "message": "\ud83d\ude80 Iniciando pipeline con fuente: csv, modo: all", "module": "main", "function": "run_pipeline", "line": 131, "thread": "MainThread", "process": 13760}
{"timestamp": "2026-08-04T20:22:21.367840", "level": "INFO", "logger": "src.connectors.factory", "message": "Creando conector de tipo: csv", "module": "factory", "function": "create", "line": 30, "thread": "MainThread", "process": 13760}
{"timestamp": "2026-08-04T20:22:21.368865", "level": "INFO", "logger": "quantbet", "message": "\ud83d\udce5 Obtenidos 5 snapshots", "module": "main", "function": "run_pipeline", "line": 144, "thread": "MainThread", "process": 13760}
{"timestamp": "2026-08-04T20:22:21.368865", "level": "INFO", "logger": "quantbet", "message": "\ud83d\udd04 Ejecutando motor de arbitraje...", "module": "main", "function": "run_arbitrage", "line": 55, "thread": "MainThread", "process": 13760}
{"timestamp": "2026-08-04T20:22:21.368865", "level": "ERROR", "logger": "quantbet", "message": "\u274c Error inesperado: type object 'MarketType' has no attribute 'BASKETBALL_TOTAL_POINTS'", "module": "main", "function": "main", "line": 556, "thread": "MainThread", "process": 13760}
{"timestamp": "2026-08-04T20:23:56.966918", "level": "INFO", "logger": "quantbet", "message": "\ud83d\ude80 Iniciando pipeline con fuente: csv, modo: all", "module": "main", "function": "run_pipeline", "line": 131, "thread": "MainThread", "process": 8920}
{"timestamp": "2026-08-04T20:23:56.966918", "level": "INFO", "logger": "src.connectors.factory", "message": "Creando conector de tipo: csv", "module": "factory", "function": "create", "line": 30, "thread": "MainThread", "process": 8920}
{"timestamp": "2026-08-04T20:23:56.966918", "level": "INFO", "logger": "quantbet", "message": "\ud83d\udce5 Obtenidos 5 snapshots", "module": "main", "function": "run_pipeline", "line": 144, "thread": "MainThread", "process": 8920}
{"timestamp": "2026-08-04T20:23:56.966918", "level": "INFO", "logger": "quantbet", "message": "\ud83d\udd04 Ejecutando motor de arbitraje...", "module": "main", "function": "run_arbitrage", "line": 55, "thread": "MainThread", "process": 8920}
{"timestamp": "2026-08-04T20:23:56.980816", "level": "ERROR", "logger": "quantbet", "message": "\u274c Error inesperado: type object 'MarketType' has no attribute 'BASKETBALL_TOTAL_POINTS'", "module": "main", "function": "main", "line": 556, "thread": "MainThread", "process": 8920}
